
> vite_react_shadcn_ts@0.0.0 build
> vite build

[36mvite v5.4.21 [32mbuilding for production...[36m[39m
transforming...
[32m✓[39m 2678 modules transformed.
../../D:/may app code 15 4 26  profit/node_modules/@zegocloud/zego-uikit-prebuilt/zego-uikit-prebuilt.js (2:5483): Use of eval in "../../D:/may app code 15 4 26  profit/node_modules/@zegocloud/zego-uikit-prebuilt/zego-uikit-prebuilt.js" is strongly discouraged as it poses security risks and may cause issues with minification.
rendering chunks...
computing gzip size...
[2mdist/[22m[32massets/worker-BAOIWoxA.js                           [39m[1m[2m    2.57 kB[22m[1m[22m
[2mdist/[22m[32mindex.html                                          [39m[1m[2m    3.54 kB[22m[1m[22m[2m │ gzip:     1.16 kB[22m
[2mdist/[22m[35massets/index-BRTkMrCj.css                           [39m[1m[2m  147.82 kB[22m[1m[22m[2m │ gzip:    22.26 kB[22m
[2mdist/[22m[36massets/constructNow-D3Ie8fTE.js                     [39m[1m[2m    0.14 kB[22m[1m[22m[2m │ gzip:     0.15 kB[22m[2m │ map:     1.67 kB[22m
[2mdist/[22m[36massets/skeleton-COOYmKm-.js                         [39m[1m[2m    0.26 kB[22m[1m[22m[2m │ gzip:     0.22 kB[22m[2m │ map:     0.56 kB[22m
[2mdist/[22m[36massets/chevron-right-D75Wa1-J.js                    [39m[1m[2m    0.35 kB[22m[1m[22m[2m │ gzip:     0.28 kB[22m[2m │ map:     0.79 kB[22m
[2mdist/[22m[36massets/square-C6MrTtRo.js                           [39m[1m[2m    0.36 kB[22m[1m[22m[2m │ gzip:     0.29 kB[22m[2m │ map:     0.82 kB[22m
[2mdist/[22m[36massets/ban-DEsebXK-.js                              [39m[1m[2m    0.38 kB[22m[1m[22m[2m │ gzip:     0.30 kB[22m[2m │ map:     0.86 kB[22m
[2mdist/[22m[36massets/clock-DTpfcGxS.js                            [39m[1m[2m    0.39 kB[22m[1m[22m[2m │ gzip:     0.30 kB[22m[2m │ map:     0.89 kB[22m
[2mdist/[22m[36massets/circle-check-D9EJf1xg.js                     [39m[1m[2m    0.39 kB[22m[1m[22m[2m │ gzip:     0.30 kB[22m[2m │ map:     0.92 kB[22m
[2mdist/[22m[36massets/check-check-BwSiY4am.js                      [39m[1m[2m    0.40 kB[22m[1m[22m[2m │ gzip:     0.31 kB[22m[2m │ map:     0.89 kB[22m
[2mdist/[22m[36massets/at-sign-CED2fm_h.js                          [39m[1m[2m    0.41 kB[22m[1m[22m[2m │ gzip:     0.32 kB[22m[2m │ map:     0.91 kB[22m
[2mdist/[22m[36massets/music-3qy91Y_4.js                            [39m[1m[2m    0.43 kB[22m[1m[22m[2m │ gzip:     0.32 kB[22m[2m │ map:     1.01 kB[22m
[2mdist/[22m[36massets/activity-isUTRPGd.js                         [39m[1m[2m    0.45 kB[22m[1m[22m[2m │ gzip:     0.33 kB[22m[2m │ map:     0.90 kB[22m
[2mdist/[22m[36massets/circle-help-BreRsUkq.js                      [39m[1m[2m    0.45 kB[22m[1m[22m[2m │ gzip:     0.34 kB[22m[2m │ map:     1.04 kB[22m
[2mdist/[22m[36massets/type-eWgIRTAk.js                             [39m[1m[2m    0.46 kB[22m[1m[22m[2m │ gzip:     0.33 kB[22m[2m │ map:     1.06 kB[22m
[2mdist/[22m[36massets/vendor-recharts-QEIX14bL.js                  [39m[1m[2m    0.46 kB[22m[1m[22m[2m │ gzip:     0.31 kB[22m[2m │ map:     1.16 kB[22m
[2mdist/[22m[36massets/eye-IjodBtFy.js                              [39m[1m[2m    0.46 kB[22m[1m[22m[2m │ gzip:     0.33 kB[22m[2m │ map:     0.98 kB[22m
[2mdist/[22m[36massets/chart-column-DiDTkgb9.js                     [39m[1m[2m    0.47 kB[22m[1m[22m[2m │ gzip:     0.33 kB[22m[2m │ map:     1.09 kB[22m
[2mdist/[22m[36massets/user-check-BKuIDKlq.js                       [39m[1m[2m    0.47 kB[22m[1m[22m[2m │ gzip:     0.36 kB[22m[2m │ map:     1.05 kB[22m
[2mdist/[22m[36massets/upload-BicxGMJm.js                           [39m[1m[2m    0.47 kB[22m[1m[22m[2m │ gzip:     0.35 kB[22m[2m │ map:     1.05 kB[22m
[2mdist/[22m[36massets/mic-DpTk11dW.js                              [39m[1m[2m    0.48 kB[22m[1m[22m[2m │ gzip:     0.35 kB[22m[2m │ map:     1.04 kB[22m
[2mdist/[22m[36massets/triangle-alert-YrE50gWv.js                   [39m[1m[2m    0.49 kB[22m[1m[22m[2m │ gzip:     0.35 kB[22m[2m │ map:     1.09 kB[22m
[2mdist/[22m[36massets/shield-C-qjmHXF.js                           [39m[1m[2m    0.49 kB[22m[1m[22m[2m │ gzip:     0.36 kB[22m[2m │ map:     0.93 kB[22m
[2mdist/[22m[36massets/flame-QsqrE2T4.js                            [39m[1m[2m    0.49 kB[22m[1m[22m[2m │ gzip:     0.37 kB[22m[2m │ map:     0.93 kB[22m
[2mdist/[22m[36massets/chart-no-axes-column-increasing-KBx4ImCO.js  [39m[1m[2m    0.51 kB[22m[1m[22m[2m │ gzip:     0.34 kB[22m[2m │ map:     1.28 kB[22m
[2mdist/[22m[36massets/hash-qQ6xJwU4.js                             [39m[1m[2m    0.51 kB[22m[1m[22m[2m │ gzip:     0.33 kB[22m[2m │ map:     1.26 kB[22m
[2mdist/[22m[36massets/maximize-2-B94AvgEh.js                       [39m[1m[2m    0.52 kB[22m[1m[22m[2m │ gzip:     0.35 kB[22m[2m │ map:     1.21 kB[22m
[2mdist/[22m[36massets/users-CdJ_PdF3.js                            [39m[1m[2m    0.52 kB[22m[1m[22m[2m │ gzip:     0.36 kB[22m[2m │ map:     1.13 kB[22m
[2mdist/[22m[36massets/thumbs-up-Car2Wi3-.js                        [39m[1m[2m    0.52 kB[22m[1m[22m[2m │ gzip:     0.38 kB[22m[2m │ map:     1.03 kB[22m
[2mdist/[22m[36massets/user-plus-CcrJXXD5.js                        [39m[1m[2m    0.53 kB[22m[1m[22m[2m │ gzip:     0.37 kB[22m[2m │ map:     1.24 kB[22m
[2mdist/[22m[36massets/square-pen-DvQpw7RG.js                       [39m[1m[2m    0.54 kB[22m[1m[22m[2m │ gzip:     0.38 kB[22m[2m │ map:     1.06 kB[22m
[2mdist/[22m[36massets/bot-B6VqgALa.js                              [39m[1m[2m    0.54 kB[22m[1m[22m[2m │ gzip:     0.36 kB[22m[2m │ map:     1.30 kB[22m
[2mdist/[22m[36massets/save-CKfvCVtS.js                             [39m[1m[2m    0.54 kB[22m[1m[22m[2m │ gzip:     0.36 kB[22m[2m │ map:     1.10 kB[22m
[2mdist/[22m[36massets/file-text-DoM2LT17.js                        [39m[1m[2m    0.55 kB[22m[1m[22m[2m │ gzip:     0.35 kB[22m[2m │ map:     1.22 kB[22m
[2mdist/[22m[36massets/textarea-DD2fClxz.js                         [39m[1m[2m    0.57 kB[22m[1m[22m[2m │ gzip:     0.38 kB[22m[2m │ map:     1.20 kB[22m
[2mdist/[22m[36massets/volume-x-B_pQlz02.js                         [39m[1m[2m    0.60 kB[22m[1m[22m[2m │ gzip:     0.41 kB[22m[2m │ map:     1.26 kB[22m
[2mdist/[22m[36massets/volume-2-N6Ya3h-M.js                         [39m[1m[2m    0.60 kB[22m[1m[22m[2m │ gzip:     0.41 kB[22m[2m │ map:     1.18 kB[22m
[2mdist/[22m[36massets/phone-Qo_GAJGh.js                            [39m[1m[2m    0.61 kB[22m[1m[22m[2m │ gzip:     0.39 kB[22m[2m │ map:     1.04 kB[22m
[2mdist/[22m[36massets/useScrollRestoration-DVMipYcS.js             [39m[1m[2m    0.66 kB[22m[1m[22m[2m │ gzip:     0.39 kB[22m[2m │ map:     2.59 kB[22m
[2mdist/[22m[36massets/NotFound-BxdiebP0.js                         [39m[1m[2m    0.67 kB[22m[1m[22m[2m │ gzip:     0.41 kB[22m[2m │ map:     1.39 kB[22m
[2mdist/[22m[36massets/sun-BtObL5E-.js                              [39m[1m[2m    0.68 kB[22m[1m[22m[2m │ gzip:     0.39 kB[22m[2m │ map:     1.60 kB[22m
[2mdist/[22m[36massets/star-zxGC0tX0.js                             [39m[1m[2m    0.68 kB[22m[1m[22m[2m │ gzip:     0.44 kB[22m[2m │ map:     1.12 kB[22m
[2mdist/[22m[36massets/badge-D8ZodRIE.js                            [39m[1m[2m    0.79 kB[22m[1m[22m[2m │ gzip:     0.43 kB[22m[2m │ map:     1.70 kB[22m
[2mdist/[22m[36massets/pin-ClT9nDsM.js                              [39m[1m[2m    0.88 kB[22m[1m[22m[2m │ gzip:     0.45 kB[22m[2m │ map:     1.89 kB[22m
[2mdist/[22m[36massets/label-tvBRfiHJ.js                            [39m[1m[2m    0.99 kB[22m[1m[22m[2m │ gzip:     0.62 kB[22m[2m │ map:     4.31 kB[22m
[2mdist/[22m[36massets/card-BbT-Ix2O.js                             [39m[1m[2m    1.06 kB[22m[1m[22m[2m │ gzip:     0.43 kB[22m[2m │ map:     3.23 kB[22m
[2mdist/[22m[36massets/sanitize-D8a3vjxl.js                         [39m[1m[2m    1.32 kB[22m[1m[22m[2m │ gzip:     0.63 kB[22m[2m │ map:     4.80 kB[22m
[2mdist/[22m[36massets/Profile-hkTG1874.js                          [39m[1m[2m    1.46 kB[22m[1m[22m[2m │ gzip:     0.74 kB[22m[2m │ map:     0.40 kB[22m
[2mdist/[22m[36massets/UserProfile-BMWGMf-y.js                      [39m[1m[2m    1.46 kB[22m[1m[22m[2m │ gzip:     0.74 kB[22m[2m │ map:     0.42 kB[22m
[2mdist/[22m[36massets/useDrafts-BCRfX2mC.js                        [39m[1m[2m    2.35 kB[22m[1m[22m[2m │ gzip:     1.24 kB[22m[2m │ map:     7.86 kB[22m
[2mdist/[22m[36massets/formatDistanceToNow-UFe3BEWx.js              [39m[1m[2m    2.41 kB[22m[1m[22m[2m │ gzip:     0.99 kB[22m[2m │ map:    28.29 kB[22m
[2mdist/[22m[36massets/useMessages-Hak98lQA.js                      [39m[1m[2m    4.57 kB[22m[1m[22m[2m │ gzip:     1.68 kB[22m[2m │ map:    20.39 kB[22m
[2mdist/[22m[36massets/select-B9evY9RJ.js                           [39m[1m[2m    5.42 kB[22m[1m[22m[2m │ gzip:     2.09 kB[22m[2m │ map:    18.59 kB[22m
[2mdist/[22m[36massets/useLiveStream-DPEFTRGK.js                    [39m[1m[2m    6.13 kB[22m[1m[22m[2m │ gzip:     2.19 kB[22m[2m │ map:    20.26 kB[22m
[2mdist/[22m[36massets/en-US-wfBU2YNu.js                            [39m[1m[2m    7.74 kB[22m[1m[22m[2m │ gzip:     2.73 kB[22m[2m │ map:    34.26 kB[22m
[2mdist/[22m[36massets/slider-bxucObUm.js                           [39m[1m[2m    8.32 kB[22m[1m[22m[2m │ gzip:     3.39 kB[22m[2m │ map:    36.57 kB[22m
[2mdist/[22m[36massets/AdminControlRoom-BkyB70MY.js                 [39m[1m[2m   11.46 kB[22m[1m[22m[2m │ gzip:     3.61 kB[22m[2m │ map:    33.65 kB[22m
[2mdist/[22m[36massets/format-DCW6RvxT.js                           [39m[1m[2m   12.66 kB[22m[1m[22m[2m │ gzip:     3.39 kB[22m[2m │ map:    98.72 kB[22m
[2mdist/[22m[36massets/Messages-C8S0XqUa.js                         [39m[1m[2m   14.48 kB[22m[1m[22m[2m │ gzip:     4.36 kB[22m[2m │ map:    44.75 kB[22m
[2mdist/[22m[36massets/Posts-TnNQ5zif.js                            [39m[1m[2m   15.98 kB[22m[1m[22m[2m │ gzip:     5.39 kB[22m[2m │ map:    47.33 kB[22m
[2mdist/[22m[36massets/Discover-CGQ2IYHJ.js                         [39m[1m[2m   18.44 kB[22m[1m[22m[2m │ gzip:     5.20 kB[22m[2m │ map:    62.16 kB[22m
[2mdist/[22m[36massets/SoundStudio-CINeZW6d.js                      [39m[1m[2m   18.55 kB[22m[1m[22m[2m │ gzip:     5.72 kB[22m[2m │ map:    53.95 kB[22m
[2mdist/[22m[36massets/vendor-react-SkQjyJuz.js                     [39m[1m[2m   23.21 kB[22m[1m[22m[2m │ gzip:     8.59 kB[22m[2m │ map:   364.04 kB[22m
[2mdist/[22m[36massets/AdminDashboard-DGkQySDb.js                   [39m[1m[2m   26.06 kB[22m[1m[22m[2m │ gzip:     6.67 kB[22m[2m │ map:    83.62 kB[22m
[2mdist/[22m[36massets/PostEditSheet-CWFLkNAV.js                    [39m[1m[2m   27.77 kB[22m[1m[22m[2m │ gzip:     7.88 kB[22m[2m │ map:    81.67 kB[22m
[2mdist/[22m[36massets/EditProfile-kGCMGyOQ.js                      [39m[1m[2m   31.36 kB[22m[1m[22m[2m │ gzip:     9.86 kB[22m[2m │ map:   110.42 kB[22m
[2mdist/[22m[36massets/Chat-B_eKqGmv.js                             [39m[1m[2m   37.83 kB[22m[1m[22m[2m │ gzip:    10.40 kB[22m[2m │ map:   127.81 kB[22m
[2mdist/[22m[36massets/ProfileSettings-DzvlqYtX.js                  [39m[1m[2m   39.16 kB[22m[1m[22m[2m │ gzip:     9.85 kB[22m[2m │ map:   103.38 kB[22m
[2mdist/[22m[36massets/CreatorStudio-BQAFvxFc.js                    [39m[1m[2m   40.73 kB[22m[1m[22m[2m │ gzip:     8.68 kB[22m[2m │ map:   111.40 kB[22m
[2mdist/[22m[36massets/vendor-query-7Hp25ZWC.js                     [39m[1m[2m   41.22 kB[22m[1m[22m[2m │ gzip:    12.28 kB[22m[2m │ map:   156.20 kB[22m
[2mdist/[22m[36massets/WatchChatPlayer-B_i7-kBX.js                  [39m[1m[2m   42.11 kB[22m[1m[22m[2m │ gzip:    10.37 kB[22m[2m │ map:   121.93 kB[22m
[2mdist/[22m[36massets/LongVideos-Cb2kYn8M.js                       [39m[1m[2m   51.19 kB[22m[1m[22m[2m │ gzip:    12.71 kB[22m[2m │ map:   157.19 kB[22m
[2mdist/[22m[36massets/Auth-_UiYr5uZ.js                             [39m[1m[2m   66.22 kB[22m[1m[22m[2m │ gzip:    17.10 kB[22m[2m │ map:   259.12 kB[22m
[2mdist/[22m[36massets/UnifiedProfile-D5QRYugI.js                   [39m[1m[2m   90.41 kB[22m[1m[22m[2m │ gzip:    21.59 kB[22m[2m │ map:   277.61 kB[22m
[2mdist/[22m[36massets/vendor-motion-C8rk6SKU.js                    [39m[1m[2m  128.47 kB[22m[1m[22m[2m │ gzip:    42.23 kB[22m[2m │ map:   710.27 kB[22m
[2mdist/[22m[36massets/Create-u83ZVo3W.js                           [39m[1m[2m  139.87 kB[22m[1m[22m[2m │ gzip:    35.58 kB[22m[2m │ map:   450.28 kB[22m
[2mdist/[22m[36massets/vendor-supabase-MO7TkjC4.js                  [39m[1m[2m  198.00 kB[22m[1m[22m[2m │ gzip:    52.17 kB[22m[2m │ map: 1,083.87 kB[22m
[2mdist/[22m[36massets/vendor-ui-C9i_TPZ2.js                        [39m[1m[2m  256.77 kB[22m[1m[22m[2m │ gzip:    81.38 kB[22m[2m │ map:   918.33 kB[22m
[2mdist/[22m[36massets/index-E6BXMXad.js                            [39m[1m[2m  283.82 kB[22m[1m[22m[2m │ gzip:    78.62 kB[22m[2m │ map:   890.12 kB[22m
[2mdist/[22m[36massets/Live-udZ5mTlK.js                             [39m[1m[33m5,260.68 kB[39m[22m[2m │ gzip: 1,794.89 kB[22m[2m │ map: 9,293.37 kB[22m
[33m
(!) Some chunks are larger than 500 kB after minification. Consider:
- Using dynamic import() to code-split the application
- Use build.rollupOptions.output.manualChunks to improve chunking: https://rollupjs.org/configuration-options/#output-manualchunks
- Adjust chunk size limit for this warning via build.chunkSizeWarningLimit.[39m
[32m✓ built in 1m 19s[39m
